error[E0308]: mismatched types
 --> tests/compile_fail/type_mismatch_mul_quantity.rs:7:17
  |
7 |     let x: () = meters.new(1.0) * meters.new(1.0);
  |            --   ^^^^^^^^^^^^^^^^^^^^^^^^^^^^^^^^^ expected `()`, found `Quantity<_, Dimension>`
  |            |
  |            expected due to this
  |
  = note: expected unit type `()`
                found struct `Quantity<_, Dimension>`
