error[E0308]: mismatched types
 --> tests/compile_fail/type_mismatch_div_quantity_type.rs:7:17
  |
7 |     let x: () = 1.0 / Dimensionless::dimensionless(1.0);
  |            --   ^^^^^^^^^^^^^^^^^^^^^^^^^^^^^^^^^^^^^^^ expected `()`, found `Quantity<f64, Dimension>`
  |            |
  |            expected due to this
  |
  = note: expected unit type `()`
                found struct `Quantity<f64, Dimension>`
