error[E0271]: type mismatch resolving `<Quantity<f64, Dimension> as Div<f64>>::Output == ()`
 --> tests/compile_fail/type_mismatch_div_type_quantity.rs:7:40
  |
7 |     let x: () = dimensionless.new(1.0) / 1.0;
  |                                        ^ expected `Quantity<f64, Dimension>`, found `()`
  |
  = note: expected struct `Quantity<f64, Dimension>`
          found unit type `()`
