error: Type error in annotation: Expected dimension, found unit 'kilograms'.
  --> tests/compile_fail/dimension_annotation_with_unit_not_allowed.rs:11:15
   |
11 |     unit foo: kilograms = kilograms;
   |               ^^^^^^^^^
   |
   = note: Annotations can only be done using dimensions.
