error: Only 1 and 1.0 are valid factors in quantity definitions.
  --> tests/compile_fail/quantity_definition_with_numeric_factor.rs:10:24
   |
10 |     dimension Length = 2.0 / Dimensionless,
   |                        ^^^
