error: Undefined identifier "meters".
  --> tests/compile_fail/resolver_undefined_identifier.rs:11:40
   |
11 |     unit (kilometers, "km") = 1000.0 * meters,
   |                                        ^^^^^^
