error[E0308]: mismatched types
 --> tests/compile_fail/type_mismatch_mul_div_expression.rs:7:17
  |
7 |     let x: () = Length::meters(1.0) / Length::meters(1.0);
  |            --   ^^^^^^^^^^^^^^^^^^^^^^^^^^^^^^^^^^^^^^^^^ expected `()`, found `Quantity<f64, Dimension>`
  |            |
  |            expected due to this
  |
  = note: expected unit type `()`
                found struct `example_system::Quantity<f64, Dimension>`
